Buffer {
    area: Rect { x: 0, y: 0, width: 104, height: 24 },
    content: [
        " loom uninstall                                                    8 picked   Choose › Review › Install ",
        "╭ Groups ────────────────────────╮ ╭ 2/2 picked ───────────────────╮ ╭ Details ────────────────────────╮",
        "│  [x] Everything            7/7 │ │  [x] tdd                      │ │ Skills · Coding                 │",
        "│  [x] Skills · Coding       2/2 │ │  [x] refactor                 │ │                                 │",
        "│  [x] Skills · Diagrams     1/1 │ │                               │ │ Items  2                        │",
        "│  [x] Tools                 1/1 │ │                               │ │ tdd, refactor                   │",
        "│  [x] Pi packages           2/2 │ │                               │ │                                 │",
        "│  [x] Herdr plugins         1/1 │ │                               │ │ 2 picks                         │",
        "│  [x] Settings · Herdr keyb 1/1 │ │                               │ │                                 │",
        "│  [ ] Settings · Zed          2 │ │                               │ │ space picks or clears available │",
        "│                                │ │                               │ │ items · → opens it              │",
        "│                                │ │                               │ │                                 │",
        "│                                │ │                               │ │                                 │",
        "│                                │ │                               │ │                                 │",
        "│                                │ │                               │ │                                 │",
        "│                                │ │                               │ │                                 │",
        "│                                │ │                               │ │                                 │",
        "│                                │ │                               │ │                                 │",
        "│                                │ │                               │ │                                 │",
        "│                                │ │                               │ │                                 │",
        "│                                │ │                               │ │                                 │",
        "│                                │ │                               │ │                                 │",
        "╰────────────────────────────────╯ ╰───────────────────────────────╯ ╰─────────────────────────────────╯",
        " ↑↓ move · ←→ column · space pick · / search · c clear · enter continue · ? keys          [  Next   ▸ ] ",
    ],
    styles: [
        x: 0, y: 0, fg: Cyan, bg: Reset, underline: Reset, modifier: BOLD,
        x: 15, y: 0, fg: Reset, bg: Reset, underline: Reset, modifier: NONE,
        x: 67, y: 0, fg: Green, bg: Reset, underline: Reset, modifier: NONE,
        x: 78, y: 0, fg: Cyan, bg: Reset, underline: Reset, modifier: BOLD,
        x: 84, y: 0, fg: Reset, bg: Reset, underline: Reset, modifier: DIM,
        x: 103, y: 0, fg: Reset, bg: Reset, underline: Reset, modifier: NONE,
        x: 0, y: 1, fg: Cyan, bg: Reset, underline: Reset, modifier: NONE,
        x: 1, y: 1, fg: Cyan, bg: Reset, underline: Reset, modifier: BOLD,
        x: 9, y: 1, fg: Cyan, bg: Reset, underline: Reset, modifier: NONE,
        x: 34, y: 1, fg: Reset, bg: Reset, underline: Reset, modifier: NONE,
        x: 35, y: 1, fg: Reset, bg: Reset, underline: Reset, modifier: DIM,
        x: 68, y: 1, fg: Reset, bg: Reset, underline: Reset, modifier: NONE,
        x: 69, y: 1, fg: Reset, bg: Reset, underline: Reset, modifier: DIM,
        x: 0, y: 2, fg: Cyan, bg: Reset, underline: Reset, modifier: NONE,
        x: 1, y: 2, fg: Reset, bg: Reset, underline: Reset, modifier: NONE,
        x: 2, y: 2, fg: Green, bg: Reset, underline: Reset, modifier: NONE,
        x: 7, y: 2, fg: Reset, bg: Reset, underline: Reset, modifier: NONE,
        x: 28, y: 2, fg: Green, bg: Reset, underline: Reset, modifier: NONE,
        x: 32, y: 2, fg: Reset, bg: Reset, underline: Reset, modifier: NONE,
        x: 33, y: 2, fg: Cyan, bg: Reset, underline: Reset, modifier: NONE,
        x: 34, y: 2, fg: Reset, bg: Reset, underline: Reset, modifier: NONE,
        x: 35, y: 2, fg: Reset, bg: Reset, underline: Reset, modifier: DIM,
        x: 36, y: 2, fg: Reset, bg: Reset, underline: Reset, modifier: NONE,
        x: 37, y: 2, fg: Green, bg: Reset, underline: Reset, modifier: BOLD,
        x: 42, y: 2, fg: Reset, bg: Reset, underline: Reset, modifier: BOLD,
        x: 66, y: 2, fg: Reset, bg: Reset, underline: Reset, modifier: NONE,
        x: 67, y: 2, fg: Reset, bg: Reset, underline: Reset, modifier: DIM,
        x: 68, y: 2, fg: Reset, bg: Reset, underline: Reset, modifier: NONE,
        x: 69, y: 2, fg: Reset, bg: Reset, underline: Reset, modifier: DIM,
        x: 70, y: 2, fg: Reset, bg: Reset, underline: Reset, modifier: NONE,
        x: 71, y: 2, fg: Cyan, bg: Reset, underline: Reset, modifier: BOLD,
        x: 86, y: 2, fg: Reset, bg: Reset, underline: Reset, modifier: NONE,
        x: 103, y: 2, fg: Reset, bg: Reset, underline: Reset, modifier: DIM,
        x: 0, y: 3, fg: Cyan, bg: Reset, underline: Reset, modifier: NONE,
        x: 1, y: 3, fg: Reset, bg: Reset, underline: Reset, modifier: NONE,
        x: 2, y: 3, fg: Cyan, bg: Reset, underline: Reset, modifier: REVERSED,
        x: 32, y: 3, fg: Reset, bg: Reset, underline: Reset, modifier: NONE,
        x: 33, y: 3, fg: Cyan, bg: Reset, underline: Reset, modifier: NONE,
        x: 34, y: 3, fg: Reset, bg: Reset, underline: Reset, modifier: NONE,
        x: 35, y: 3, fg: Reset, bg: Reset, underline: Reset, modifier: DIM,
        x: 36, y: 3, fg: Reset, bg: Reset, underline: Reset, modifier: NONE,
        x: 37, y: 3, fg: Green, bg: Reset, underline: Reset, modifier: NONE,
        x: 42, y: 3, fg: Reset, bg: Reset, underline: Reset, modifier: NONE,
        x: 67, y: 3, fg: Reset, bg: Reset, underline: Reset, modifier: DIM,
        x: 68, y: 3, fg: Reset, bg: Reset, underline: Reset, modifier: NONE,
        x: 69, y: 3, fg: Reset, bg: Reset, underline: Reset, modifier: DIM,
        x: 70, y: 3, fg: Reset, bg: Reset, underline: Reset, modifier: NONE,
        x: 103, y: 3, fg: Reset, bg: Reset, underline: Reset, modifier: DIM,
        x: 0, y: 4, fg: Cyan, bg: Reset, underline: Reset, modifier: NONE,
        x: 1, y: 4, fg: Reset, bg: Reset, underline: Reset, modifier: NONE,
        x: 2, y: 4, fg: Green, bg: Reset, underline: Reset, modifier: NONE,
        x: 7, y: 4, fg: Reset, bg: Reset, underline: Reset, modifier: NONE,
        x: 28, y: 4, fg: Green, bg: Reset, underline: Reset, modifier: NONE,
        x: 32, y: 4, fg: Reset, bg: Reset, underline: Reset, modifier: NONE,
        x: 33, y: 4, fg: Cyan, bg: Reset, underline: Reset, modifier: NONE,
        x: 34, y: 4, fg: Reset, bg: Reset, underline: Reset, modifier: NONE,
        x: 35, y: 4, fg: Reset, bg: Reset, underline: Reset, modifier: DIM,
        x: 36, y: 4, fg: Reset, bg: Reset, underline: Reset, modifier: NONE,
        x: 67, y: 4, fg: Reset, bg: Reset, underline: Reset, modifier: DIM,
        x: 68, y: 4, fg: Reset, bg: Reset, underline: Reset, modifier: NONE,
        x: 69, y: 4, fg: Reset, bg: Reset, underline: Reset, modifier: DIM,
        x: 70, y: 4, fg: Reset, bg: Reset, underline: Reset, modifier: NONE,
        x: 71, y: 4, fg: Reset, bg: Reset, underline: Reset, modifier: BOLD,
        x: 76, y: 4, fg: Reset, bg: Reset, underline: Reset, modifier: DIM,
        x: 79, y: 4, fg: Reset, bg: Reset, underline: Reset, modifier: NONE,
        x: 103, y: 4, fg: Reset, bg: Reset, underline: Reset, modifier: DIM,
        x: 0, y: 5, fg: Cyan, bg: Reset, underline: Reset, modifier: NONE,
        x: 1, y: 5, fg: Reset, bg: Reset, underline: Reset, modifier: NONE,
        x: 2, y: 5, fg: Green, bg: Reset, underline: Reset, modifier: NONE,
        x: 7, y: 5, fg: Reset, bg: Reset, underline: Reset, modifier: NONE,
        x: 28, y: 5, fg: Green, bg: Reset, underline: Reset, modifier: NONE,
        x: 32, y: 5, fg: Reset, bg: Reset, underline: Reset, modifier: NONE,
        x: 33, y: 5, fg: Cyan, bg: Reset, underline: Reset, modifier: NONE,
        x: 34, y: 5, fg: Reset, bg: Reset, underline: Reset, modifier: NONE,
        x: 35, y: 5, fg: Reset, bg: Reset, underline: Reset, modifier: DIM,
        x: 36, y: 5, fg: Reset, bg: Reset, underline: Reset, modifier: NONE,
        x: 67, y: 5, fg: Reset, bg: Reset, underline: Reset, modifier: DIM,
        x: 68, y: 5, fg: Reset, bg: Reset, underline: Reset, modifier: NONE,
        x: 69, y: 5, fg: Reset, bg: Reset, underline: Reset, modifier: DIM,
        x: 70, y: 5, fg: Reset, bg: Reset, underline: Reset, modifier: NONE,
        x: 71, y: 5, fg: Reset, bg: Reset, underline: Reset, modifier: DIM,
        x: 84, y: 5, fg: Reset, bg: Reset, underline: Reset, modifier: NONE,
        x: 103, y: 5, fg: Reset, bg: Reset, underline: Reset, modifier: DIM,
        x: 0, y: 6, fg: Cyan, bg: Reset, underline: Reset, modifier: NONE,
        x: 1, y: 6, fg: Reset, bg: Reset, underline: Reset, modifier: NONE,
        x: 2, y: 6, fg: Green, bg: Reset, underline: Reset, modifier: NONE,
        x: 7, y: 6, fg: Reset, bg: Reset, underline: Reset, modifier: NONE,
        x: 28, y: 6, fg: Green, bg: Reset, underline: Reset, modifier: NONE,
        x: 32, y: 6, fg: Reset, bg: Reset, underline: Reset, modifier: NONE,
        x: 33, y: 6, fg: Cyan, bg: Reset, underline: Reset, modifier: NONE,
        x: 34, y: 6, fg: Reset, bg: Reset, underline: Reset, modifier: NONE,
        x: 35, y: 6, fg: Reset, bg: Reset, underline: Reset, modifier: DIM,
        x: 36, y: 6, fg: Reset, bg: Reset, underline: Reset, modifier: NONE,
        x: 67, y: 6, fg: Reset, bg: Reset, underline: Reset, modifier: DIM,
        x: 68, y: 6, fg: Reset, bg: Reset, underline: Reset, modifier: NONE,
        x: 69, y: 6, fg: Reset, bg: Reset, underline: Reset, modifier: DIM,
        x: 70, y: 6, fg: Reset, bg: Reset, underline: Reset, modifier: NONE,
        x: 103, y: 6, fg: Reset, bg: Reset, underline: Reset, modifier: DIM,
        x: 0, y: 7, fg: Cyan, bg: Reset, underline: Reset, modifier: NONE,
        x: 1, y: 7, fg: Reset, bg: Reset, underline: Reset, modifier: NONE,
        x: 2, y: 7, fg: Green, bg: Reset, underline: Reset, modifier: NONE,
        x: 7, y: 7, fg: Reset, bg: Reset, underline: Reset, modifier: NONE,
        x: 28, y: 7, fg: Green, bg: Reset, underline: Reset, modifier: NONE,
        x: 32, y: 7, fg: Reset, bg: Reset, underline: Reset, modifier: NONE,
        x: 33, y: 7, fg: Cyan, bg: Reset, underline: Reset, modifier: NONE,
        x: 34, y: 7, fg: Reset, bg: Reset, underline: Reset, modifier: NONE,
        x: 35, y: 7, fg: Reset, bg: Reset, underline: Reset, modifier: DIM,
        x: 36, y: 7, fg: Reset, bg: Reset, underline: Reset, modifier: NONE,
        x: 67, y: 7, fg: Reset, bg: Reset, underline: Reset, modifier: DIM,
        x: 68, y: 7, fg: Reset, bg: Reset, underline: Reset, modifier: NONE,
        x: 69, y: 7, fg: Reset, bg: Reset, underline: Reset, modifier: DIM,
        x: 70, y: 7, fg: Reset, bg: Reset, underline: Reset, modifier: NONE,
        x: 103, y: 7, fg: Reset, bg: Reset, underline: Reset, modifier: DIM,
        x: 0, y: 8, fg: Cyan, bg: Reset, underline: Reset, modifier: NONE,
        x: 1, y: 8, fg: Reset, bg: Reset, underline: Reset, modifier: NONE,
        x: 2, y: 8, fg: Green, bg: Reset, underline: Reset, modifier: NONE,
        x: 7, y: 8, fg: Reset, bg: Reset, underline: Reset, modifier: NONE,
        x: 28, y: 8, fg: Green, bg: Reset, underline: Reset, modifier: NONE,
        x: 32, y: 8, fg: Reset, bg: Reset, underline: Reset, modifier: NONE,
        x: 33, y: 8, fg: Cyan, bg: Reset, underline: Reset, modifier: NONE,
        x: 34, y: 8, fg: Reset, bg: Reset, underline: Reset, modifier: NONE,
        x: 35, y: 8, fg: Reset, bg: Reset, underline: Reset, modifier: DIM,
        x: 36, y: 8, fg: Reset, bg: Reset, underline: Reset, modifier: NONE,
        x: 67, y: 8, fg: Reset, bg: Reset, underline: Reset, modifier: DIM,
        x: 68, y: 8, fg: Reset, bg: Reset, underline: Reset, modifier: NONE,
        x: 69, y: 8, fg: Reset, bg: Reset, underline: Reset, modifier: DIM,
        x: 70, y: 8, fg: Reset, bg: Reset, underline: Reset, modifier: NONE,
        x: 103, y: 8, fg: Reset, bg: Reset, underline: Reset, modifier: DIM,
        x: 0, y: 9, fg: Cyan, bg: Reset, underline: Reset, modifier: NONE,
        x: 1, y: 9, fg: Reset, bg: Reset, underline: Reset, modifier: NONE,
        x: 2, y: 9, fg: Reset, bg: Reset, underline: Reset, modifier: DIM,
        x: 7, y: 9, fg: Reset, bg: Reset, underline: Reset, modifier: NONE,
        x: 28, y: 9, fg: Reset, bg: Reset, underline: Reset, modifier: DIM,
        x: 32, y: 9, fg: Reset, bg: Reset, underline: Reset, modifier: NONE,
        x: 33, y: 9, fg: Cyan, bg: Reset, underline: Reset, modifier: NONE,
        x: 34, y: 9, fg: Reset, bg: Reset, underline: Reset, modifier: NONE,
        x: 35, y: 9, fg: Reset, bg: Reset, underline: Reset, modifier: DIM,
        x: 36, y: 9, fg: Reset, bg: Reset, underline: Reset, modifier: NONE,
        x: 67, y: 9, fg: Reset, bg: Reset, underline: Reset, modifier: DIM,
        x: 68, y: 9, fg: Reset, bg: Reset, underline: Reset, modifier: NONE,
        x: 69, y: 9, fg: Reset, bg: Reset, underline: Reset, modifier: DIM,
        x: 70, y: 9, fg: Reset, bg: Reset, underline: Reset, modifier: NONE,
        x: 71, y: 9, fg: Reset, bg: Reset, underline: Reset, modifier: DIM,
        x: 102, y: 9, fg: Reset, bg: Reset, underline: Reset, modifier: NONE,
        x: 103, y: 9, fg: Reset, bg: Reset, underline: Reset, modifier: DIM,
        x: 0, y: 10, fg: Cyan, bg: Reset, underline: Reset, modifier: NONE,
        x: 1, y: 10, fg: Reset, bg: Reset, underline: Reset, modifier: NONE,
        x: 33, y: 10, fg: Cyan, bg: Reset, underline: Reset, modifier: NONE,
        x: 34, y: 10, fg: Reset, bg: Reset, underline: Reset, modifier: NONE,
        x: 35, y: 10, fg: Reset, bg: Reset, underline: Reset, modifier: DIM,
        x: 36, y: 10, fg: Reset, bg: Reset, underline: Reset, modifier: NONE,
        x: 67, y: 10, fg: Reset, bg: Reset, underline: Reset, modifier: DIM,
        x: 68, y: 10, fg: Reset, bg: Reset, underline: Reset, modifier: NONE,
        x: 69, y: 10, fg: Reset, bg: Reset, underline: Reset, modifier: DIM,
        x: 70, y: 10, fg: Reset, bg: Reset, underline: Reset, modifier: NONE,
        x: 71, y: 10, fg: Reset, bg: Reset, underline: Reset, modifier: DIM,
        x: 89, y: 10, fg: Reset, bg: Reset, underline: Reset, modifier: NONE,
        x: 103, y: 10, fg: Reset, bg: Reset, underline: Reset, modifier: DIM,
        x: 0, y: 11, fg: Cyan, bg: Reset, underline: Reset, modifier: NONE,
        x: 1, y: 11, fg: Reset, bg: Reset, underline: Reset, modifier: NONE,
        x: 33, y: 11, fg: Cyan, bg: Reset, underline: Reset, modifier: NONE,
        x: 34, y: 11, fg: Reset, bg: Reset, underline: Reset, modifier: NONE,
        x: 35, y: 11, fg: Reset, bg: Reset, underline: Reset, modifier: DIM,
        x: 36, y: 11, fg: Reset, bg: Reset, underline: Reset, modifier: NONE,
        x: 67, y: 11, fg: Reset, bg: Reset, underline: Reset, modifier: DIM,
        x: 68, y: 11, fg: Reset, bg: Reset, underline: Reset, modifier: NONE,
        x: 69, y: 11, fg: Reset, bg: Reset, underline: Reset, modifier: DIM,
        x: 70, y: 11, fg: Reset, bg: Reset, underline: Reset, modifier: NONE,
        x: 103, y: 11, fg: Reset, bg: Reset, underline: Reset, modifier: DIM,
        x: 0, y: 12, fg: Cyan, bg: Reset, underline: Reset, modifier: NONE,
        x: 1, y: 12, fg: Reset, bg: Reset, underline: Reset, modifier: NONE,
        x: 33, y: 12, fg: Cyan, bg: Reset, underline: Reset, modifier: NONE,
        x: 34, y: 12, fg: Reset, bg: Reset, underline: Reset, modifier: NONE,
        x: 35, y: 12, fg: Reset, bg: Reset, underline: Reset, modifier: DIM,
        x: 36, y: 12, fg: Reset, bg: Reset, underline: Reset, modifier: NONE,
        x: 67, y: 12, fg: Reset, bg: Reset, underline: Reset, modifier: DIM,
        x: 68, y: 12, fg: Reset, bg: Reset, underline: Reset, modifier: NONE,
        x: 69, y: 12, fg: Reset, bg: Reset, underline: Reset, modifier: DIM,
        x: 70, y: 12, fg: Reset, bg: Reset, underline: Reset, modifier: NONE,
        x: 103, y: 12, fg: Reset, bg: Reset, underline: Reset, modifier: DIM,
        x: 0, y: 13, fg: Cyan, bg: Reset, underline: Reset, modifier: NONE,
        x: 1, y: 13, fg: Reset, bg: Reset, underline: Reset, modifier: NONE,
        x: 33, y: 13, fg: Cyan, bg: Reset, underline: Reset, modifier: NONE,
        x: 34, y: 13, fg: Reset, bg: Reset, underline: Reset, modifier: NONE,
        x: 35, y: 13, fg: Reset, bg: Reset, underline: Reset, modifier: DIM,
        x: 36, y: 13, fg: Reset, bg: Reset, underline: Reset, modifier: NONE,
        x: 67, y: 13, fg: Reset, bg: Reset, underline: Reset, modifier: DIM,
        x: 68, y: 13, fg: Reset, bg: Reset, underline: Reset, modifier: NONE,
        x: 69, y: 13, fg: Reset, bg: Reset, underline: Reset, modifier: DIM,
        x: 70, y: 13, fg: Reset, bg: Reset, underline: Reset, modifier: NONE,
        x: 103, y: 13, fg: Reset, bg: Reset, underline: Reset, modifier: DIM,
        x: 0, y: 14, fg: Cyan, bg: Reset, underline: Reset, modifier: NONE,
        x: 1, y: 14, fg: Reset, bg: Reset, underline: Reset, modifier: NONE,
        x: 33, y: 14, fg: Cyan, bg: Reset, underline: Reset, modifier: NONE,
        x: 34, y: 14, fg: Reset, bg: Reset, underline: Reset, modifier: NONE,
        x: 35, y: 14, fg: Reset, bg: Reset, underline: Reset, modifier: DIM,
        x: 36, y: 14, fg: Reset, bg: Reset, underline: Reset, modifier: NONE,
        x: 67, y: 14, fg: Reset, bg: Reset, underline: Reset, modifier: DIM,
        x: 68, y: 14, fg: Reset, bg: Reset, underline: Reset, modifier: NONE,
        x: 69, y: 14, fg: Reset, bg: Reset, underline: Reset, modifier: DIM,
        x: 70, y: 14, fg: Reset, bg: Reset, underline: Reset, modifier: NONE,
        x: 103, y: 14, fg: Reset, bg: Reset, underline: Reset, modifier: DIM,
        x: 0, y: 15, fg: Cyan, bg: Reset, underline: Reset, modifier: NONE,
        x: 1, y: 15, fg: Reset, bg: Reset, underline: Reset, modifier: NONE,
        x: 33, y: 15, fg: Cyan, bg: Reset, underline: Reset, modifier: NONE,
        x: 34, y: 15, fg: Reset, bg: Reset, underline: Reset, modifier: NONE,
        x: 35, y: 15, fg: Reset, bg: Reset, underline: Reset, modifier: DIM,
        x: 36, y: 15, fg: Reset, bg: Reset, underline: Reset, modifier: NONE,
        x: 67, y: 15, fg: Reset, bg: Reset, underline: Reset, modifier: DIM,
        x: 68, y: 15, fg: Reset, bg: Reset, underline: Reset, modifier: NONE,
        x: 69, y: 15, fg: Reset, bg: Reset, underline: Reset, modifier: DIM,
        x: 70, y: 15, fg: Reset, bg: Reset, underline: Reset, modifier: NONE,
        x: 103, y: 15, fg: Reset, bg: Reset, underline: Reset, modifier: DIM,
        x: 0, y: 16, fg: Cyan, bg: Reset, underline: Reset, modifier: NONE,
        x: 1, y: 16, fg: Reset, bg: Reset, underline: Reset, modifier: NONE,
        x: 33, y: 16, fg: Cyan, bg: Reset, underline: Reset, modifier: NONE,
        x: 34, y: 16, fg: Reset, bg: Reset, underline: Reset, modifier: NONE,
        x: 35, y: 16, fg: Reset, bg: Reset, underline: Reset, modifier: DIM,
        x: 36, y: 16, fg: Reset, bg: Reset, underline: Reset, modifier: NONE,
        x: 67, y: 16, fg: Reset, bg: Reset, underline: Reset, modifier: DIM,
        x: 68, y: 16, fg: Reset, bg: Reset, underline: Reset, modifier: NONE,
        x: 69, y: 16, fg: Reset, bg: Reset, underline: Reset, modifier: DIM,
        x: 70, y: 16, fg: Reset, bg: Reset, underline: Reset, modifier: NONE,
        x: 103, y: 16, fg: Reset, bg: Reset, underline: Reset, modifier: DIM,
        x: 0, y: 17, fg: Cyan, bg: Reset, underline: Reset, modifier: NONE,
        x: 1, y: 17, fg: Reset, bg: Reset, underline: Reset, modifier: NONE,
        x: 33, y: 17, fg: Cyan, bg: Reset, underline: Reset, modifier: NONE,
        x: 34, y: 17, fg: Reset, bg: Reset, underline: Reset, modifier: NONE,
        x: 35, y: 17, fg: Reset, bg: Reset, underline: Reset, modifier: DIM,
        x: 36, y: 17, fg: Reset, bg: Reset, underline: Reset, modifier: NONE,
        x: 67, y: 17, fg: Reset, bg: Reset, underline: Reset, modifier: DIM,
        x: 68, y: 17, fg: Reset, bg: Reset, underline: Reset, modifier: NONE,
        x: 69, y: 17, fg: Reset, bg: Reset, underline: Reset, modifier: DIM,
        x: 70, y: 17, fg: Reset, bg: Reset, underline: Reset, modifier: NONE,
        x: 103, y: 17, fg: Reset, bg: Reset, underline: Reset, modifier: DIM,
        x: 0, y: 18, fg: Cyan, bg: Reset, underline: Reset, modifier: NONE,
        x: 1, y: 18, fg: Reset, bg: Reset, underline: Reset, modifier: NONE,
        x: 33, y: 18, fg: Cyan, bg: Reset, underline: Reset, modifier: NONE,
        x: 34, y: 18, fg: Reset, bg: Reset, underline: Reset, modifier: NONE,
        x: 35, y: 18, fg: Reset, bg: Reset, underline: Reset, modifier: DIM,
        x: 36, y: 18, fg: Reset, bg: Reset, underline: Reset, modifier: NONE,
        x: 67, y: 18, fg: Reset, bg: Reset, underline: Reset, modifier: DIM,
        x: 68, y: 18, fg: Reset, bg: Reset, underline: Reset, modifier: NONE,
        x: 69, y: 18, fg: Reset, bg: Reset, underline: Reset, modifier: DIM,
        x: 70, y: 18, fg: Reset, bg: Reset, underline: Reset, modifier: NONE,
        x: 103, y: 18, fg: Reset, bg: Reset, underline: Reset, modifier: DIM,
        x: 0, y: 19, fg: Cyan, bg: Reset, underline: Reset, modifier: NONE,
        x: 1, y: 19, fg: Reset, bg: Reset, underline: Reset, modifier: NONE,
        x: 33, y: 19, fg: Cyan, bg: Reset, underline: Reset, modifier: NONE,
        x: 34, y: 19, fg: Reset, bg: Reset, underline: Reset, modifier: NONE,
        x: 35, y: 19, fg: Reset, bg: Reset, underline: Reset, modifier: DIM,
        x: 36, y: 19, fg: Reset, bg: Reset, underline: Reset, modifier: NONE,
        x: 67, y: 19, fg: Reset, bg: Reset, underline: Reset, modifier: DIM,
        x: 68, y: 19, fg: Reset, bg: Reset, underline: Reset, modifier: NONE,
        x: 69, y: 19, fg: Reset, bg: Reset, underline: Reset, modifier: DIM,
        x: 70, y: 19, fg: Reset, bg: Reset, underline: Reset, modifier: NONE,
        x: 103, y: 19, fg: Reset, bg: Reset, underline: Reset, modifier: DIM,
        x: 0, y: 20, fg: Cyan, bg: Reset, underline: Reset, modifier: NONE,
        x: 1, y: 20, fg: Reset, bg: Reset, underline: Reset, modifier: NONE,
        x: 33, y: 20, fg: Cyan, bg: Reset, underline: Reset, modifier: NONE,
        x: 34, y: 20, fg: Reset, bg: Reset, underline: Reset, modifier: NONE,
        x: 35, y: 20, fg: Reset, bg: Reset, underline: Reset, modifier: DIM,
        x: 36, y: 20, fg: Reset, bg: Reset, underline: Reset, modifier: NONE,
        x: 67, y: 20, fg: Reset, bg: Reset, underline: Reset, modifier: DIM,
        x: 68, y: 20, fg: Reset, bg: Reset, underline: Reset, modifier: NONE,
        x: 69, y: 20, fg: Reset, bg: Reset, underline: Reset, modifier: DIM,
        x: 70, y: 20, fg: Reset, bg: Reset, underline: Reset, modifier: NONE,
        x: 103, y: 20, fg: Reset, bg: Reset, underline: Reset, modifier: DIM,
        x: 0, y: 21, fg: Cyan, bg: Reset, underline: Reset, modifier: NONE,
        x: 1, y: 21, fg: Reset, bg: Reset, underline: Reset, modifier: NONE,
        x: 33, y: 21, fg: Cyan, bg: Reset, underline: Reset, modifier: NONE,
        x: 34, y: 21, fg: Reset, bg: Reset, underline: Reset, modifier: NONE,
        x: 35, y: 21, fg: Reset, bg: Reset, underline: Reset, modifier: DIM,
        x: 36, y: 21, fg: Reset, bg: Reset, underline: Reset, modifier: NONE,
        x: 67, y: 21, fg: Reset, bg: Reset, underline: Reset, modifier: DIM,
        x: 68, y: 21, fg: Reset, bg: Reset, underline: Reset, modifier: NONE,
        x: 69, y: 21, fg: Reset, bg: Reset, underline: Reset, modifier: DIM,
        x: 70, y: 21, fg: Reset, bg: Reset, underline: Reset, modifier: NONE,
        x: 103, y: 21, fg: Reset, bg: Reset, underline: Reset, modifier: DIM,
        x: 0, y: 22, fg: Cyan, bg: Reset, underline: Reset, modifier: NONE,
        x: 34, y: 22, fg: Reset, bg: Reset, underline: Reset, modifier: NONE,
        x: 35, y: 22, fg: Reset, bg: Reset, underline: Reset, modifier: DIM,
        x: 68, y: 22, fg: Reset, bg: Reset, underline: Reset, modifier: NONE,
        x: 69, y: 22, fg: Reset, bg: Reset, underline: Reset, modifier: DIM,
        x: 80, y: 23, fg: Reset, bg: Reset, underline: Reset, modifier: NONE,
        x: 90, y: 23, fg: Cyan, bg: Reset, underline: Reset, modifier: BOLD | REVERSED,
        x: 103, y: 23, fg: Reset, bg: Reset, underline: Reset, modifier: NONE,
    ]
}
Buffer {
    area: Rect { x: 0, y: 0, width: 104, height: 24 },
    content: [
        " loom uninstall                                                  7 picked   ✓ Choose › Review › Install ",
        "╭ Review ──────────────────────────────────────────────────────────────────────────────────────────────╮",
        "│ Remove (6)                                                                                           │",
        "│   - subagents                                                                                        │",
        "│   - themes                                                                                           │",
        "│   - reviewr                                                                                          │",
        "│   - refactor                                                                                         │",
        "│   - mermaid                                                                                          │",
        "│   - gh                                                                                               │",
        "│                                                                                                      │",
        "│ Keep (1)                                                                                             │",
        "│   o tdd                                                                                              │",
        "│                                                                                                      │",
        "│                                                                                                      │",
        "│                                                                                                      │",
        "│                                                                                                      │",
        "│                                                                                                      │",
        "│                                                                                                      │",
        "│                                                                                                      │",
        "│                                                                                                      │",
        "│                                                                                                      │",
        "│                                                                                                      │",
        "╰──────────────────────────────────────────────────────────────────────────────────────────────────────╯",
        " ↑↓ scroll · enter review removal · esc back                                   [ ◂ Back ] [ Remove  ▸ ] ",
    ],
    styles: [
        x: 0, y: 0, fg: Cyan, bg: Reset, underline: Reset, modifier: BOLD,
        x: 15, y: 0, fg: Reset, bg: Reset, underline: Reset, modifier: NONE,
        x: 65, y: 0, fg: Green, bg: Reset, underline: Reset, modifier: NONE,
        x: 76, y: 0, fg: Reset, bg: Reset, underline: Reset, modifier: DIM,
        x: 87, y: 0, fg: Cyan, bg: Reset, underline: Reset, modifier: BOLD,
        x: 93, y: 0, fg: Reset, bg: Reset, underline: Reset, modifier: DIM,
        x: 103, y: 0, fg: Reset, bg: Reset, underline: Reset, modifier: NONE,
        x: 0, y: 1, fg: Cyan, bg: Reset, underline: Reset, modifier: NONE,
        x: 1, y: 1, fg: Cyan, bg: Reset, underline: Reset, modifier: BOLD,
        x: 9, y: 1, fg: Cyan, bg: Reset, underline: Reset, modifier: NONE,
        x: 1, y: 2, fg: Reset, bg: Reset, underline: Reset, modifier: NONE,
        x: 2, y: 2, fg: Reset, bg: Reset, underline: Reset, modifier: BOLD,
        x: 8, y: 2, fg: Reset, bg: Reset, underline: Reset, modifier: DIM,
        x: 12, y: 2, fg: Reset, bg: Reset, underline: Reset, modifier: NONE,
        x: 103, y: 2, fg: Cyan, bg: Reset, underline: Reset, modifier: NONE,
        x: 1, y: 3, fg: Reset, bg: Reset, underline: Reset, modifier: NONE,
        x: 2, y: 3, fg: Red, bg: Reset, underline: Reset, modifier: BOLD,
        x: 6, y: 3, fg: Reset, bg: Reset, underline: Reset, modifier: NONE,
        x: 103, y: 3, fg: Cyan, bg: Reset, underline: Reset, modifier: NONE,
        x: 1, y: 4, fg: Reset, bg: Reset, underline: Reset, modifier: NONE,
        x: 2, y: 4, fg: Red, bg: Reset, underline: Reset, modifier: BOLD,
        x: 6, y: 4, fg: Reset, bg: Reset, underline: Reset, modifier: NONE,
        x: 103, y: 4, fg: Cyan, bg: Reset, underline: Reset, modifier: NONE,
        x: 1, y: 5, fg: Reset, bg: Reset, underline: Reset, modifier: NONE,
        x: 2, y: 5, fg: Red, bg: Reset, underline: Reset, modifier: BOLD,
        x: 6, y: 5, fg: Reset, bg: Reset, underline: Reset, modifier: NONE,
        x: 103, y: 5, fg: Cyan, bg: Reset, underline: Reset, modifier: NONE,
        x: 1, y: 6, fg: Reset, bg: Reset, underline: Reset, modifier: NONE,
        x: 2, y: 6, fg: Red, bg: Reset, underline: Reset, modifier: BOLD,
        x: 6, y: 6, fg: Reset, bg: Reset, underline: Reset, modifier: NONE,
        x: 103, y: 6, fg: Cyan, bg: Reset, underline: Reset, modifier: NONE,
        x: 1, y: 7, fg: Reset, bg: Reset, underline: Reset, modifier: NONE,
        x: 2, y: 7, fg: Red, bg: Reset, underline: Reset, modifier: BOLD,
        x: 6, y: 7, fg: Reset, bg: Reset, underline: Reset, modifier: NONE,
        x: 103, y: 7, fg: Cyan, bg: Reset, underline: Reset, modifier: NONE,
        x: 1, y: 8, fg: Reset, bg: Reset, underline: Reset, modifier: NONE,
        x: 2, y: 8, fg: Red, bg: Reset, underline: Reset, modifier: BOLD,
        x: 6, y: 8, fg: Reset, bg: Reset, underline: Reset, modifier: NONE,
        x: 103, y: 8, fg: Cyan, bg: Reset, underline: Reset, modifier: NONE,
        x: 1, y: 9, fg: Reset, bg: Reset, underline: Reset, modifier: NONE,
        x: 103, y: 9, fg: Cyan, bg: Reset, underline: Reset, modifier: NONE,
        x: 1, y: 10, fg: Reset, bg: Reset, underline: Reset, modifier: NONE,
        x: 2, y: 10, fg: Reset, bg: Reset, underline: Reset, modifier: BOLD,
        x: 6, y: 10, fg: Reset, bg: Reset, underline: Reset, modifier: DIM,
        x: 10, y: 10, fg: Reset, bg: Reset, underline: Reset, modifier: NONE,
        x: 103, y: 10, fg: Cyan, bg: Reset, underline: Reset, modifier: NONE,
        x: 1, y: 11, fg: Reset, bg: Reset, underline: Reset, modifier: NONE,
        x: 2, y: 11, fg: Reset, bg: Reset, underline: Reset, modifier: DIM,
        x: 6, y: 11, fg: Reset, bg: Reset, underline: Reset, modifier: NONE,
        x: 103, y: 11, fg: Cyan, bg: Reset, underline: Reset, modifier: NONE,
        x: 1, y: 12, fg: Reset, bg: Reset, underline: Reset, modifier: NONE,
        x: 103, y: 12, fg: Cyan, bg: Reset, underline: Reset, modifier: NONE,
        x: 1, y: 13, fg: Reset, bg: Reset, underline: Reset, modifier: NONE,
        x: 103, y: 13, fg: Cyan, bg: Reset, underline: Reset, modifier: NONE,
        x: 1, y: 14, fg: Reset, bg: Reset, underline: Reset, modifier: NONE,
        x: 103, y: 14, fg: Cyan, bg: Reset, underline: Reset, modifier: NONE,
        x: 1, y: 15, fg: Reset, bg: Reset, underline: Reset, modifier: NONE,
        x: 103, y: 15, fg: Cyan, bg: Reset, underline: Reset, modifier: NONE,
        x: 1, y: 16, fg: Reset, bg: Reset, underline: Reset, modifier: NONE,
        x: 103, y: 16, fg: Cyan, bg: Reset, underline: Reset, modifier: NONE,
        x: 1, y: 17, fg: Reset, bg: Reset, underline: Reset, modifier: NONE,
        x: 103, y: 17, fg: Cyan, bg: Reset, underline: Reset, modifier: NONE,
        x: 1, y: 18, fg: Reset, bg: Reset, underline: Reset, modifier: NONE,
        x: 103, y: 18, fg: Cyan, bg: Reset, underline: Reset, modifier: NONE,
        x: 1, y: 19, fg: Reset, bg: Reset, underline: Reset, modifier: NONE,
        x: 103, y: 19, fg: Cyan, bg: Reset, underline: Reset, modifier: NONE,
        x: 1, y: 20, fg: Reset, bg: Reset, underline: Reset, modifier: NONE,
        x: 103, y: 20, fg: Cyan, bg: Reset, underline: Reset, modifier: NONE,
        x: 1, y: 21, fg: Reset, bg: Reset, underline: Reset, modifier: NONE,
        x: 103, y: 21, fg: Cyan, bg: Reset, underline: Reset, modifier: NONE,
        x: 0, y: 23, fg: Reset, bg: Reset, underline: Reset, modifier: DIM,
        x: 44, y: 23, fg: Reset, bg: Reset, underline: Reset, modifier: NONE,
        x: 79, y: 23, fg: Cyan, bg: Reset, underline: Reset, modifier: NONE,
        x: 89, y: 23, fg: Reset, bg: Reset, underline: Reset, modifier: NONE,
        x: 90, y: 23, fg: Cyan, bg: Reset, underline: Reset, modifier: BOLD | REVERSED,
        x: 103, y: 23, fg: Reset, bg: Reset, underline: Reset, modifier: NONE,
    ]
}
Buffer {
    area: Rect { x: 0, y: 0, width: 104, height: 24 },
    content: [
        " loom setup                                                      1 picked   ✓ Choose › Review › Install ",
        "1 Pi package · under a minute                                                                           ",
        "                                                                                                        ",
        "╭ Review ──────────────────────────────────────────────────────────────────────────────────────────────╮",
        "│ Selected capabilities                                                                                │",
        "│ + subagents                                                                                          │",
        "│                                                                                                      │",
        "│ Required to work                                                                                     │",
        "│ Nothing extra needed.                                                                                │",
        "│                                                                                                      │",
        "│                                                                                                      │",
        "│                                                                                                      │",
        "│                                                                                                      │",
        "│                                                                                                      │",
        "│                                                                                                      │",
        "│                                                                                                      │",
        "│                                                                                                      │",
        "│                                                                                                      │",
        "│                                                                                                      │",
        "│                                                                                                      │",
        "│                                                                                                      │",
        "│                                                                                                      │",
        "╰──────────────────────────────────────────────────────────────────────────────────────────────────────╯",
        " ↑↓ scroll · enter install · esc back                                          [ ◂ Back ] [ Install ▸ ] ",
    ],
    styles: [
        x: 0, y: 0, fg: Cyan, bg: Reset, underline: Reset, modifier: BOLD,
        x: 11, y: 0, fg: Reset, bg: Reset, underline: Reset, modifier: NONE,
        x: 65, y: 0, fg: Green, bg: Reset, underline: Reset, modifier: NONE,
        x: 76, y: 0, fg: Reset, bg: Reset, underline: Reset, modifier: DIM,
        x: 87, y: 0, fg: Cyan, bg: Reset, underline: Reset, modifier: BOLD,
        x: 93, y: 0, fg: Reset, bg: Reset, underline: Reset, modifier: DIM,
        x: 103, y: 0, fg: Reset, bg: Reset, underline: Reset, modifier: NONE,
        x: 0, y: 1, fg: Cyan, bg: Reset, underline: Reset, modifier: NONE,
        x: 1, y: 3, fg: Cyan, bg: Reset, underline: Reset, modifier: BOLD,
        x: 9, y: 3, fg: Cyan, bg: Reset, underline: Reset, modifier: NONE,
        x: 1, y: 4, fg: Reset, bg: Reset, underline: Reset, modifier: NONE,
        x: 2, y: 4, fg: Cyan, bg: Reset, underline: Reset, modifier: BOLD,
        x: 23, y: 4, fg: Reset, bg: Reset, underline: Reset, modifier: NONE,
        x: 103, y: 4, fg: Cyan, bg: Reset, underline: Reset, modifier: NONE,
        x: 1, y: 5, fg: Reset, bg: Reset, underline: Reset, modifier: NONE,
        x: 2, y: 5, fg: Cyan, bg: Reset, underline: Reset, modifier: BOLD,
        x: 13, y: 5, fg: Reset, bg: Reset, underline: Reset, modifier: NONE,
        x: 103, y: 5, fg: Cyan, bg: Reset, underline: Reset, modifier: NONE,
        x: 1, y: 6, fg: Reset, bg: Reset, underline: Reset, modifier: NONE,
        x: 103, y: 6, fg: Cyan, bg: Reset, underline: Reset, modifier: NONE,
        x: 1, y: 7, fg: Reset, bg: Reset, underline: Reset, modifier: NONE,
        x: 2, y: 7, fg: Cyan, bg: Reset, underline: Reset, modifier: BOLD,
        x: 18, y: 7, fg: Reset, bg: Reset, underline: Reset, modifier: NONE,
        x: 103, y: 7, fg: Cyan, bg: Reset, underline: Reset, modifier: NONE,
        x: 1, y: 8, fg: Reset, bg: Reset, underline: Reset, modifier: NONE,
        x: 2, y: 8, fg: Reset, bg: Reset, underline: Reset, modifier: DIM,
        x: 23, y: 8, fg: Reset, bg: Reset, underline: Reset, modifier: NONE,
        x: 103, y: 8, fg: Cyan, bg: Reset, underline: Reset, modifier: NONE,
        x: 1, y: 9, fg: Reset, bg: Reset, underline: Reset, modifier: NONE,
        x: 103, y: 9, fg: Cyan, bg: Reset, underline: Reset, modifier: NONE,
        x: 1, y: 10, fg: Reset, bg: Reset, underline: Reset, modifier: NONE,
        x: 103, y: 10, fg: Cyan, bg: Reset, underline: Reset, modifier: NONE,
        x: 1, y: 11, fg: Reset, bg: Reset, underline: Reset, modifier: NONE,
        x: 103, y: 11, fg: Cyan, bg: Reset, underline: Reset, modifier: NONE,
        x: 1, y: 12, fg: Reset, bg: Reset, underline: Reset, modifier: NONE,
        x: 103, y: 12, fg: Cyan, bg: Reset, underline: Reset, modifier: NONE,
        x: 1, y: 13, fg: Reset, bg: Reset, underline: Reset, modifier: NONE,
        x: 103, y: 13, fg: Cyan, bg: Reset, underline: Reset, modifier: NONE,
        x: 1, y: 14, fg: Reset, bg: Reset, underline: Reset, modifier: NONE,
        x: 103, y: 14, fg: Cyan, bg: Reset, underline: Reset, modifier: NONE,
        x: 1, y: 15, fg: Reset, bg: Reset, underline: Reset, modifier: NONE,
        x: 103, y: 15, fg: Cyan, bg: Reset, underline: Reset, modifier: NONE,
        x: 1, y: 16, fg: Reset, bg: Reset, underline: Reset, modifier: NONE,
        x: 103, y: 16, fg: Cyan, bg: Reset, underline: Reset, modifier: NONE,
        x: 1, y: 17, fg: Reset, bg: Reset, underline: Reset, modifier: NONE,
        x: 103, y: 17, fg: Cyan, bg: Reset, underline: Reset, modifier: NONE,
        x: 1, y: 18, fg: Reset, bg: Reset, underline: Reset, modifier: NONE,
        x: 103, y: 18, fg: Cyan, bg: Reset, underline: Reset, modifier: NONE,
        x: 1, y: 19, fg: Reset, bg: Reset, underline: Reset, modifier: NONE,
        x: 103, y: 19, fg: Cyan, bg: Reset, underline: Reset, modifier: NONE,
        x: 1, y: 20, fg: Reset, bg: Reset, underline: Reset, modifier: NONE,
        x: 103, y: 20, fg: Cyan, bg: Reset, underline: Reset, modifier: NONE,
        x: 1, y: 21, fg: Reset, bg: Reset, underline: Reset, modifier: NONE,
        x: 103, y: 21, fg: Cyan, bg: Reset, underline: Reset, modifier: NONE,
        x: 0, y: 23, fg: Reset, bg: Reset, underline: Reset, modifier: DIM,
        x: 37, y: 23, fg: Reset, bg: Reset, underline: Reset, modifier: NONE,
        x: 79, y: 23, fg: Cyan, bg: Reset, underline: Reset, modifier: NONE,
        x: 89, y: 23, fg: Reset, bg: Reset, underline: Reset, modifier: NONE,
        x: 90, y: 23, fg: Cyan, bg: Reset, underline: Reset, modifier: BOLD | REVERSED,
        x: 103, y: 23, fg: Reset, bg: Reset, underline: Reset, modifier: NONE,
    ]
}
Buffer {
    area: Rect { x: 0, y: 0, width: 104, height: 24 },
    content: [
        " loom add                                                                   ✓ Choose › Review › Install ",
        "╭ Review ──────────────────────────────────────────────────────────────────────────────────────────────╮",
        "│ Nothing picked, so nothing changes.                                                                  │",
        "│                                                                                                      │",
        "│                                                                                                      │",
        "│                                                                                                      │",
        "│                                                                                                      │",
        "│                                                                                                      │",
        "│                                                                                                      │",
        "│                                                                                                      │",
        "│                                                                                                      │",
        "│                                                                                                      │",
        "│                                                                                                      │",
        "│                                                                                                      │",
        "│                                                                                                      │",
        "│                                                                                                      │",
        "│                                                                                                      │",
        "│                                                                                                      │",
        "│                                                                                                      │",
        "│                                                                                                      │",
        "│                                                                                                      │",
        "│                                                                                                      │",
        "╰──────────────────────────────────────────────────────────────────────────────────────────────────────╯",
        " enter leave · esc back                                                        [ ◂ Back ] [  Leave  ▸ ] ",
    ],
    styles: [
        x: 0, y: 0, fg: Cyan, bg: Reset, underline: Reset, modifier: BOLD,
        x: 9, y: 0, fg: Reset, bg: Reset, underline: Reset, modifier: NONE,
        x: 76, y: 0, fg: Reset, bg: Reset, underline: Reset, modifier: DIM,
        x: 87, y: 0, fg: Cyan, bg: Reset, underline: Reset, modifier: BOLD,
        x: 93, y: 0, fg: Reset, bg: Reset, underline: Reset, modifier: DIM,
        x: 103, y: 0, fg: Reset, bg: Reset, underline: Reset, modifier: NONE,
        x: 0, y: 1, fg: Cyan, bg: Reset, underline: Reset, modifier: NONE,
        x: 1, y: 1, fg: Cyan, bg: Reset, underline: Reset, modifier: BOLD,
        x: 9, y: 1, fg: Cyan, bg: Reset, underline: Reset, modifier: NONE,
        x: 1, y: 2, fg: Reset, bg: Reset, underline: Reset, modifier: NONE,
        x: 103, y: 2, fg: Cyan, bg: Reset, underline: Reset, modifier: NONE,
        x: 1, y: 3, fg: Reset, bg: Reset, underline: Reset, modifier: NONE,
        x: 103, y: 3, fg: Cyan, bg: Reset, underline: Reset, modifier: NONE,
        x: 1, y: 4, fg: Reset, bg: Reset, underline: Reset, modifier: NONE,
        x: 103, y: 4, fg: Cyan, bg: Reset, underline: Reset, modifier: NONE,
        x: 1, y: 5, fg: Reset, bg: Reset, underline: Reset, modifier: NONE,
        x: 103, y: 5, fg: Cyan, bg: Reset, underline: Reset, modifier: NONE,
        x: 1, y: 6, fg: Reset, bg: Reset, underline: Reset, modifier: NONE,
        x: 103, y: 6, fg: Cyan, bg: Reset, underline: Reset, modifier: NONE,
        x: 1, y: 7, fg: Reset, bg: Reset, underline: Reset, modifier: NONE,
        x: 103, y: 7, fg: Cyan, bg: Reset, underline: Reset, modifier: NONE,
        x: 1, y: 8, fg: Reset, bg: Reset, underline: Reset, modifier: NONE,
        x: 103, y: 8, fg: Cyan, bg: Reset, underline: Reset, modifier: NONE,
        x: 1, y: 9, fg: Reset, bg: Reset, underline: Reset, modifier: NONE,
        x: 103, y: 9, fg: Cyan, bg: Reset, underline: Reset, modifier: NONE,
        x: 1, y: 10, fg: Reset, bg: Reset, underline: Reset, modifier: NONE,
        x: 103, y: 10, fg: Cyan, bg: Reset, underline: Reset, modifier: NONE,
        x: 1, y: 11, fg: Reset, bg: Reset, underline: Reset, modifier: NONE,
        x: 103, y: 11, fg: Cyan, bg: Reset, underline: Reset, modifier: NONE,
        x: 1, y: 12, fg: Reset, bg: Reset, underline: Reset, modifier: NONE,
        x: 103, y: 12, fg: Cyan, bg: Reset, underline: Reset, modifier: NONE,
        x: 1, y: 13, fg: Reset, bg: Reset, underline: Reset, modifier: NONE,
        x: 103, y: 13, fg: Cyan, bg: Reset, underline: Reset, modifier: NONE,
        x: 1, y: 14, fg: Reset, bg: Reset, underline: Reset, modifier: NONE,
        x: 103, y: 14, fg: Cyan, bg: Reset, underline: Reset, modifier: NONE,
        x: 1, y: 15, fg: Reset, bg: Reset, underline: Reset, modifier: NONE,
        x: 103, y: 15, fg: Cyan, bg: Reset, underline: Reset, modifier: NONE,
        x: 1, y: 16, fg: Reset, bg: Reset, underline: Reset, modifier: NONE,
        x: 103, y: 16, fg: Cyan, bg: Reset, underline: Reset, modifier: NONE,
        x: 1, y: 17, fg: Reset, bg: Reset, underline: Reset, modifier: NONE,
        x: 103, y: 17, fg: Cyan, bg: Reset, underline: Reset, modifier: NONE,
        x: 1, y: 18, fg: Reset, bg: Reset, underline: Reset, modifier: NONE,
        x: 103, y: 18, fg: Cyan, bg: Reset, underline: Reset, modifier: NONE,
        x: 1, y: 19, fg: Reset, bg: Reset, underline: Reset, modifier: NONE,
        x: 103, y: 19, fg: Cyan, bg: Reset, underline: Reset, modifier: NONE,
        x: 1, y: 20, fg: Reset, bg: Reset, underline: Reset, modifier: NONE,
        x: 103, y: 20, fg: Cyan, bg: Reset, underline: Reset, modifier: NONE,
        x: 1, y: 21, fg: Reset, bg: Reset, underline: Reset, modifier: NONE,
        x: 103, y: 21, fg: Cyan, bg: Reset, underline: Reset, modifier: NONE,
        x: 0, y: 23, fg: Reset, bg: Reset, underline: Reset, modifier: DIM,
        x: 23, y: 23, fg: Reset, bg: Reset, underline: Reset, modifier: NONE,
        x: 79, y: 23, fg: Cyan, bg: Reset, underline: Reset, modifier: NONE,
        x: 89, y: 23, fg: Reset, bg: Reset, underline: Reset, modifier: NONE,
        x: 90, y: 23, fg: Cyan, bg: Reset, underline: Reset, modifier: BOLD | REVERSED,
        x: 103, y: 23, fg: Reset, bg: Reset, underline: Reset, modifier: NONE,
    ]
}